---
source: carina-cli/src/commands/state.rs
expression: output
---
# awscc.ec2.Vpc (vpc)
  cidr_block = "10.0.0.0/16"
  enable_dns_support = true
  vpc_id = "vpc-0123456789abcdef0"

# awscc.ec2.Subnet (subnet)
  availability_zone = "ap-northeast-1a"
  cidr_block = "10.0.1.0/24"
  subnet_id = "subnet-0123456789abcdef0"
  tags = {Name: "test-subnet"}
  vpc_id = "vpc-0123456789abcdef0"

# awscc.ec2.RouteTable (main-rt)
  route_table_id = "rtb-0123456789abcdef0"
  vpc_id = "vpc-0123456789abcdef0"
