---
source: carina-tui/src/tui_snapshot_tests.rs
expression: output
---
┌ Plan (Plan: 0 to create, 1 to update, 0 to delete) ──────────────────────────────────────────────────────────────────┐
│~ ec2.vpc vpc                                                                                                         │
│                                                                                                                      │
│                                                                                                                      │
│                                                                                                                      │
│                                                                                                                      │
│                                                                                                                      │
│                                                                                                                      │
│                                                                                                                      │
│                                                                                                                      │
│                                                                                                                      │
│                                                                                                                      │
│                                                                                                                      │
│                                                                                                                      │
│                                                                                                                      │
│                                                                                                                      │
│                                                                                                                      │
│                                                                                                                      │
│                                                                                                                      │
│                                                                                                                      │
│                                                                                                                      │
│                                                                                                                      │
│                                                                                                                      │
│                                                                                                                      │
│                                                                                                                      │
│                                                                                                                      │
└──────────────────────────────────────────────────────────────────────────────────────────────────────────────────────┘
┌ Details ─────────────────────────────────────────────────────────────────────────────────────────────────────────────┐
│~ ec2.vpc vpc                                                                                                         │
│                                                                                                                      │
│  cidr_block: "10.0.0.0/16"                                                                                           │
│  tags:                                                                                                               │
│    ~ Environment: "staging" -> "production"                                                                          │
│    + NewTag: "added"                                                                                                 │
│    - OldTag: "to-remove"                                                                                             │
│  # (1 unchanged attribute hidden)                                                                                    │
│                                                                                                                      │
│                                                                                                                      │
└──────────────────────────────────────────────────────────────────────────────────────────────────────────────────────┘
 Tab switch panel  j/k navigate/scroll  q/Esc quit
