---
source: carina-tui/src/tui_snapshot_tests.rs
expression: output
---
┌ Plan (Plan: 1 to create, 1 to update, 1 to delete) ──────────────────────────────────────────────────────────────────┐
│+ ec2.security_group sg                                                                                               │
│    └── ~ ec2.vpc vpc                                                                                                 │
│- ec2.subnet old-subnet                                                                                               │
│                                                                                                                      │
│                                                                                                                      │
│                                                                                                                      │
│                                                                                                                      │
│                                                                                                                      │
│                                                                                                                      │
│                                                                                                                      │
│                                                                                                                      │
│                                                                                                                      │
│                                                                                                                      │
│                                                                                                                      │
│                                                                                                                      │
│                                                                                                                      │
│                                                                                                                      │
│                                                                                                                      │
│                                                                                                                      │
│                                                                                                                      │
│                                                                                                                      │
│                                                                                                                      │
│                                                                                                                      │
│                                                                                                                      │
│                                                                                                                      │
└──────────────────────────────────────────────────────────────────────────────────────────────────────────────────────┘
┌ Details ─────────────────────────────────────────────────────────────────────────────────────────────────────────────┐
│+ ec2.security_group sg                                                                                               │
│                                                                                                                      │
│  group_description: "Web security group"                                                                             │
│  vpc_id: vpc.vpc_id →                                                                                                │
│                                                                                                                      │
│                                                                                                                      │
│                                                                                                                      │
│                                                                                                                      │
│                                                                                                                      │
│                                                                                                                      │
└──────────────────────────────────────────────────────────────────────────────────────────────────────────────────────┘
 / search  ↑↓/jk navigate  Tab switch panel  Enter detail  q/Esc quit
