---
source: carina-tui/src/tui_snapshot_tests.rs
expression: output
---
┌ Plan (Plan: 1 to create, 1 to update, 1 to delete) ──────────────────────────────────────────────────────────────────┐
│~ ec2.vpc vpc                                                                                                         │
│    └── + ec2.security_group sg                                                                                       │
│- ec2.subnet old-subnet                                                                                               │
│                                                                                                                      │
│                                                                                                                      │
│                                                                                                                      │
│                                                                                                                      │
│                                                                                                                      │
│                                                                                                                      │
│                                                                                                                      │
│                                                                                                                      │
│                                                                                                                      │
│                                                                                                                      │
│                                                                                                                      │
│                                                                                                                      │
│                                                                                                                      │
│                                                                                                                      │
│                                                                                                                      │
│                                                                                                                      │
│                                                                                                                      │
│                                                                                                                      │
│                                                                                                                      │
│                                                                                                                      │
│                                                                                                                      │
│                                                                                                                      │
└──────────────────────────────────────────────────────────────────────────────────────────────────────────────────────┘
┌ Details ─────────────────────────────────────────────────────────────────────────────────────────────────────────────┐
│~ ec2.vpc vpc                                                                                                         │
│                                                                                                                      │
│  cidr_block: "10.0.0.0/16"                                                                                           │
│  enable_dns_support: true                                                                                            │
│  # (1 unchanged attribute hidden)                                                                                    │
│                                                                                                                      │
│                                                                                                                      │
│                                                                                                                      │
│                                                                                                                      │
│                                                                                                                      │
└──────────────────────────────────────────────────────────────────────────────────────────────────────────────────────┘
 Tab switch panel  j/k navigate/scroll  q/Esc quit
