---
source: carina-cli/src/plan_snapshot_tests.rs
expression: output
---
Execution Plan:

  + aws.acm.Certificate cert
      domain_name: "registry.example.com"
      validation_method: "DNS"
        │
        └─ + aws.route53.RecordSet validation_records[*] (N records after cert applies)
              from: for opt in cert.domain_validation_options

Plan: 1 to add, 0 to change, 0 to destroy.
       N to add after cert applies.
