---
source: carina-cli/src/plan_snapshot_tests.rs
assertion_line: 1974
expression: output
---
Execution Plan:

  + aws.acm.Certificate cert
      domain_name: "registry.example.com"
      validation_method: "DNS"
        │
        └─ + aws.route53.RecordSet (deferred from cert.domain_validation_options)
              (deferred, count known after cert applies)
              from: for opt in cert.domain_validation_options

Plan: 1 to add (+1 deferred, count unknown), 0 to change, 0 to destroy.
