---
source: carina-cli/src/plan_snapshot_tests.rs
expression: output
---
Execution Plan:

  + awscc.ec2.subnet 
      availability_zone: "ap-northeast-1a"
      cidr_block: "10.0.1.0/24"
      vpc_id: vpc.vpc_id
        │
        └─ + awscc.ec2.vpc vpc
              cidr_block: "10.0.0.0/16"
              tags:
                Name: "read-only-test"

Plan: 2 to add, 0 to change, 0 to destroy.
