---
source: carina-cli/src/plan_snapshot_tests.rs
expression: output
---
Execution Plan:

  <= aws.iam.Roles admin_roles (data source)
  + aws.s3.Bucket logs
  + module "cluster" (./modules/cluster)
     └─ + aws.eks.Cluster cluster/inner
  + aws.route53.RecordSet (N records after cert.domain_validation_options resolves)
      <- for option in cert.domain_validation_options
      name: option.name

Plan: 1 to read, 2 to add, 0 to change, 0 to destroy.
       N to add after cert.domain_validation_options resolves.
