---
source: carina-cli/src/plan_snapshot_tests.rs
expression: output
---
Execution Plan:

  ~ awscc.ec2.Vpc vpc
      tags:
        + Environment: "staging"
      # (3 unchanged attributes hidden)
        │
        ├─ + awscc.ec2.SecurityGroup 
        │     group_description: "Test security group"
        │     tags:
        │       Name: "test-sg"
        │     vpc_id: "vpc-0123456789abcdef0"
        │
        └─ - awscc.ec2.Subnet my_subnet

Plan: 1 to add, 1 to change, 1 to destroy.
