---
source: carina-cli/src/plan_snapshot_tests.rs
expression: output
---
Execution Plan:

  - awscc.ec2.Subnet orphan_subnet
      cidr_block: "10.0.1.0/24"
      subnet_id: "subnet-0123456789abcdef0"
      tags:
        ApiKey: (secret)
        Name: "orphan-subnet"
      vpc_id: "vpc-0123456789abcdef0"
  + awscc.ec2.Vpc 
      cidr_block: "10.0.0.0/16"
      tags:
        Name: "secret-test"
        Password: (secret)
  - awscc.ec2.Vpc ec2_vpc_fb75c929
      cidr_block: "10.0.0.0/16"
      tags:
        Name: "secret-test"
        Password: (secret)
      vpc_id: "vpc-0123456789abcdef0"

Plan: 1 to add, 0 to change, 2 to destroy.
