---
source: carina-cli/src/module_info_snapshot_tests.rs
expression: display
---
Module: no_deps

=== ARGUMENTS ===

  region: String  (required)
    AWS region

=== CREATES ===

  logs_bucket: awscc.s3.Bucket
  event_queue: awscc.sqs.Queue

=== ATTRIBUTES ===

  bucket_id: awscc.s3.Bucket
  queue_url: awscc.sqs.Queue
