---
source: carina-cli/src/plan_snapshot_tests.rs
assertion_line: 150
expression: output
---
Execution Plan:

  + awscc.ec2.security_group ec2_security_group_712c54ef
      group_description: "Test security group"
      tags: {Name: "test-sg"}
      vpc_id: "vpc-0123456789abcdef0"
  ~ awscc.ec2.vpc vpc
      tags: {Name: "test-vpc"} → {Environment: "staging", Name: "test-vpc"}
        └─ - awscc.ec2.subnet my_subnet

Plan: 1 to add, 1 to change, 1 to destroy.
