---
source: carina-cli/src/plan_snapshot_tests.rs
expression: strip_ansi(&output)
---
Execution Plan:

  + awscc.ec2.Subnet 
      cidr_block: "10.0.1.0/24"
      tags:
        Name: "test-subnet"
      vpc_id: "vpc-0123456789abcdef0"
  - awscc.ec2.Subnet ec2_subnet_aac7c86b

Exports:

  + new_export: String = 'hello'
  ~ changed: Int = 42 → 100
  - obsolete = 'gone'

Plan: 1 to add, 0 to change, 1 to destroy, 3 export change(s).
