---
source: carina-cli/src/plan_snapshot_tests.rs
expression: output
---
Execution Plan:

  + awscc.ec2.vpc vpc
      cidr_block: "10.0.0.0/16"
      tags: {Name: "read-only-test"}
      cidr_block_associations: (known after apply)
      default_network_acl: (known after apply)
      default_security_group: (known after apply)
      ipv6_cidr_blocks: (known after apply)
      vpc_id: (known after apply)
        │
        └─ + awscc.ec2.subnet ec2_subnet_f5269366
              availability_zone: "ap-northeast-1a"
              cidr_block: "10.0.1.0/24"
              vpc_id: vpc.vpc_id
              block_public_access_states: (known after apply)
              ipv6_cidr_blocks: (known after apply)
              network_acl_association_id: (known after apply)
              subnet_id: (known after apply)

Plan: 2 to add, 0 to change, 0 to destroy.
