---
source: carina-cli/src/module_info_snapshot_tests.rs
expression: display
---
Module: module_info

=== ARGUMENTS ===

  vpc_id: awscc.ec2.vpc  (required)
  environment: string  (required)
  instance_type: string = "t3.micro"  
  enable_monitoring: bool = true  

=== CREATES ===

  instance_type
    └── web_instance: awscc.ec2.instance
  vpc_id
    └── web_sg: awscc.ec2.security_group

=== ATTRIBUTES ===

  security_group_id: awscc.ec2.security_group
    <- from: web_sg
  instance_id: awscc.ec2.instance
    <- from: web_instance
